--- 
:pocketgamer:
  :title: "Five Stars - The Last Rocket, Jukebeat, Anomaly Warzone Earth, and more"
  :author: "Mark Brown"

:toucharcade:
  :title: "'The Last Rocket' Review - A Retro Look, A Modern Style"
  :author: "Thorin Klosowski"
  :date: 2011-08-12
:slidetoplay:
  :title: "The Last Rocket Review"
  :author: "Chris Reed"
  :date: 2011-08-16
:edge:
  :title: "Charming iOS puzzler fueled by more than a little of Nintendo's spirit."
  :date: 2011-08-23